make: Nothing to be done for `all'.
============================
testing with 4 threads

 Initial solution  in process 1 , :8389108.000000

 Best solution after transfer is 1->1 , :7864908.000000

 Best solution after transfer is 3->1 , :7864908.000000

 Best solution after transfer is 1->1 , :7864908.000000

 Best solution after transfer is 1->1 , :7864908.000000

 Best solution after transfer is 1->1 , :7864908.000000

 Best solution  in process 1 , :7864908.000000

 Initial solution  in process 2 , :8389108.000000

 Best solution after transfer is 1->2 , :7864908.000000

 Best solution after transfer is 3->2 , :7864908.000000

 Best solution after transfer is 1->2 , :7864908.000000

 Best solution after transfer is 1->2 , :7864908.000000

 Best solution after transfer is 1->2 , :7864908.000000

 Best solution  in process 2 , :7864908.000000

 Initial solution  in process 3 , :8389108.000000

 Best solution after transfer is 1->3 , :7864908.000000

 Best solution after transfer is 3->3 , :7864908.000000

 Best solution after transfer is 1->3 , :7864908.000000

 Best solution after transfer is 1->3 , :7864908.000000

 Best solution after transfer is 1->3 , :7864908.000000

 Best solution  in process 3 , :7864908.000000
  The number of processes is 4.

Initial Cost 8389108.000000

 Initial solution  in process 0 , :8389108.000000

  Gathered costs 8389439.000000, 7864908.000000, 7865339.000000, 7864923.000000
 Best solution after transfer is 1->0 , :7864908.000000

  Gathered costs 8389439.000000, 7865073.000000, 7865339.000000, 7864908.000000
 Best solution after transfer is 3->0 , :7864908.000000

  Gathered costs 8389108.000000, 7864908.000000, 7864908.000000, 7864908.000000
 Best solution after transfer is 1->0 , :7864908.000000

  Gathered costs 8389108.000000, 7864908.000000, 7864908.000000, 7864908.000000
 Best solution after transfer is 1->0 , :7864908.000000

  Gathered costs 8389108.000000, 7864908.000000, 7864908.000000, 7864908.000000
 Best solution after transfer is 1->0 , :7864908.000000

 Best solution  in process 0 , :7864908.000000
COMMUNICATOR_MPI:
  Normal end of execution.
=============================================================================================
EXECUTION TIME: 3207682 3s
